Microchip MPLAB XC8 Compiler V2.46

Linker command line:

-W-3 \
  --edf=C:\Program Files\Microchip\xc8\v2.46\pic\dat\20240104201356_en.msgs \
  -cn \
  -h+dist/default/debug\Biblioteca_de_Manipulacao_de_Memoria_Serial.X.debug.sym \
  --cmf=dist/default/debug\Biblioteca_de_Manipulacao_de_Memoria_Serial.X.debug.cmf \
  -z -Q18F4520 -oC:\Users\berna\AppData\Local\Temp\xcAsea8.\driver_tmp_3.o \
  --defsym=__MPLAB_BUILD=1 --fixupoverflow=error \
  -Mdist/default/debug/Biblioteca_de_Manipulacao_de_Memoria_Serial.X.debug.map \
  --md=C:\Users\berna\AppData\Local\Temp\xcAsea8.\driver_tmp_0.dat -E1 \
  -ver=XC8 Compiler --acfsm=1493 -ACODE=00h-07000h -ACONST=00h-07000h \
  -ASMALLCONST=0600h-06FFhx106,07000h-07000h -AMEDIUMCONST=0600h-07000h \
  -ACOMRAM=01h-07Fh -AABS1=00h-05FFh -ABIGRAM=01h-05FFh \
  -ARAM=080h-0FFh,0100h-01FFhx5 -ABANK0=080h-0FFh -ABANK1=0100h-01FFh \
  -ABANK2=0200h-02FFh -ABANK3=0300h-03FFh -ABANK4=0400h-04FFh \
  -ABANK5=0500h-05FFh -ASFR=0F80h-0FFFh -ABIGSFR=0F80h-0FFFh \
  -ACONFIG=0300000h-030000Dh -AIDLOC=0200000h-0200007h \
  -AEEDATA=0F00000h-0F000FFh -peeprom_data=EEDATA \
  -preset_vec=00h,intcode,sivt_hi,intcodelo,sivt_lo,powerup,init \
  -pramtop=0600h -psmallconst=SMALLCONST -pmediumconst=MEDIUMCONST \
  -pconst=CONST -AFARRAM=00h-00h \
  -prdata=COMRAM,nvrram=COMRAM,nvbit=COMRAM,rbss=COMRAM,rbit=COMRAM \
  -pfarbss=FARRAM,fardata=FARRAM,nvFARRAM=FARRAM \
  -pintsave_regs=BIGRAM,bigbss=BIGRAM,bigdata=BIGRAM -pbss=RAM \
  -pidata=CODE,irdata=CODE,ibigdata=CODE,ifardata=CODE -prparam=COMRAM \
  C:\Users\berna\AppData\Local\Temp\xcAsea8.\driver_tmp_14.o \
  dist/default/debug\Biblioteca_de_Manipulacao_de_Memoria_Serial.X.debug.o 

Object code version is 3.11

Machine type is 18F4520



                Name                               Link     Load   Length Selector   Space Scale
C:\Users\berna\AppData\Local\Temp\xcAsea8.\driver_tmp_14.o
                idloc                            200000   200000        8        0       5
                config                           300000   300000        E        0       4
                init                                  0        0        4        0       0
dist/default/debug\Biblioteca_de_Manipulacao_de_Memoria_Serial.X.debug.o
                idloc                            200000   200000        8        0       5
                config                           300000   300000        E        0       4
                mediumconst                        6E60     6E60      1A0     3730       0
                text24                             631A     631A       10     318D       0
                text23                             64CA     64CA       4E     3265       0
                text22                             65BC     65BC       5E     32DE       0
                text21                             6360     6360       14     31B0       0
                text20                             63B2     63B2       1A     31D9       0
                text19                             6374     6374       14     31BA       0
                text18                             6388     6388       14     31C4       0
                text17                             6518     6518       52     328C       0
                text16                             632A     632A       12     3195       0
                text15                             633C     633C       12     319E       0
                text14                             634E     634E       12     31A7       0
                text13                             63EA     63EA       24     31F5       0
                text12                             667E     667E       74     333F       0
                text11                             661A     661A       64     330D       0
                text10                             639C     639C       16     31CE       0
                text9                              6794     6794       CA     33CA       0
                text8                              6B68     6B68      2F8     35B4       0
                text7                              6484     6484       46     3242       0
                text6                              63CC     63CC       1E     31E6       0
                text5                              685E     685E       DE     342F       0
                text4                              6444     6444       40     3222       0
                text3                              66F2     66F2       A2     3379       0
                text2                              693C     693C       DE     349E       0
                text1                              656A     656A       52     32B5       0
                text0                              6A1A     6A1A      14E     350D       0
                cstackCOMRAM                          1        1       3C        1       1
                cstackBANK0                          80       80       6D       80       1
                dataBANK0                            ED       ED        4       80       1
                bssCOMRAM                            3D       3D       2B        1       1
                cinit                              640E     640E       36     3207       0
                idataBANK0                         6316     6316        4     6316       0

TOTAL           Name                               Link     Load   Length     Space
        CLASS   CODE           
                init                                  0        0        4         0
                text24                             631A     631A       10         0
                text23                             64CA     64CA       4E         0
                text22                             65BC     65BC       5E         0
                text21                             6360     6360       14         0
                text20                             63B2     63B2       1A         0
                text19                             6374     6374       14         0
                text18                             6388     6388       14         0
                text17                             6518     6518       52         0
                text16                             632A     632A       12         0
                text15                             633C     633C       12         0
                text14                             634E     634E       12         0
                text13                             63EA     63EA       24         0
                text12                             667E     667E       74         0
                text11                             661A     661A       64         0
                text10                             639C     639C       16         0
                text9                              6794     6794       CA         0
                text8                              6B68     6B68      2F8         0
                text7                              6484     6484       46         0
                text6                              63CC     63CC       1E         0
                text5                              685E     685E       DE         0
                text4                              6444     6444       40         0
                text3                              66F2     66F2       A2         0
                text2                              693C     693C       DE         0
                text1                              656A     656A       52         0
                text0                              6A1A     6A1A      14E         0
                cinit                              640E     640E       36         0
                idataBANK0                         6316     6316        4         0

        CLASS   CONST          

        CLASS   SMALLCONST     

        CLASS   MEDIUMCONST    
                mediumconst                        6E60     6E60      1A0         0

        CLASS   COMRAM         
                cstackCOMRAM                          1        1       3C         1
                bssCOMRAM                            3D       3D       2B         1

        CLASS   ABS1           

        CLASS   BIGRAM         

        CLASS   RAM            

        CLASS   BANK0          
                cstackBANK0                          80       80       6D         1
                dataBANK0                            ED       ED        4         1

        CLASS   BANK1          

        CLASS   BANK2          

        CLASS   BANK3          

        CLASS   BANK4          

        CLASS   BANK5          

        CLASS   SFR            

        CLASS   BIGSFR         

        CLASS   CONFIG         
                config                           300000   300000        E         4

        CLASS   IDLOC          
                idloc                            200000   200000        8         5

        CLASS   EEDATA         

        CLASS   FARRAM         

        CLASS   HEAP           

        CLASS   STACK          



SEGMENTS        Name                           Load    Length   Top    Selector   Space  Class

                reset_vec                      000000  000004  000004         0       0  CODE    
                cstackCOMRAM                   000001  000067  000068         1       1  COMRAM  
                cstackBANK0                    000080  000071  0000F1        80       1  BANK0   
                idataBANK0                     006316  000004  00631A      6316       0  CODE    
                text24                         00631A  000010  00632A      318D       0  CODE    
                text16                         00632A  000012  00633C      3195       0  CODE    
                text15                         00633C  000012  00634E      319E       0  CODE    
                text14                         00634E  000012  006360      31A7       0  CODE    
                text21                         006360  000014  006374      31B0       0  CODE    
                text19                         006374  000014  006388      31BA       0  CODE    
                text18                         006388  000014  00639C      31C4       0  CODE    
                text10                         00639C  000016  0063B2      31CE       0  CODE    
                text20                         0063B2  00001A  0063CC      31D9       0  CODE    
                text6                          0063CC  00001E  0063EA      31E6       0  CODE    
                text13                         0063EA  000024  00640E      31F5       0  CODE    
                cinit                          00640E  000036  006444      3207       0  CODE    
                text4                          006444  000040  006484      3222       0  CODE    
                text7                          006484  000046  0064CA      3242       0  CODE    
                text23                         0064CA  00004E  006518      3265       0  CODE    
                text17                         006518  000052  00656A      328C       0  CODE    
                text1                          00656A  000052  0065BC      32B5       0  CODE    
                text22                         0065BC  00005E  00661A      32DE       0  CODE    
                text11                         00661A  000064  00667E      330D       0  CODE    
                text12                         00667E  000074  0066F2      333F       0  CODE    
                text3                          0066F2  0000A2  006794      3379       0  CODE    
                text9                          006794  0000CA  00685E      33CA       0  CODE    
                text5                          00685E  0000DE  00693C      342F       0  CODE    
                text2                          00693C  0000DE  006A1A      349E       0  CODE    
                text0                          006A1A  00014E  006B68      350D       0  CODE    
                text8                          006B68  0002F8  006E60      35B4       0  CODE    
                mediumconst                    006E60  0001A0  007000      3730       0  MEDIUMCO


UNUSED ADDRESS RANGES

        Name                Unused          Largest block    Delta
        BANK0            0000F1-0000FF                F
        BANK1            000100-0001FF              100
        BANK2            000200-0002FF              100
        BANK3            000300-0003FF              100
        BANK4            000400-0004FF              100
        BANK5            000500-0005FF              100
        BIGRAM           000068-00007F               18
                         0000F1-0005FF              50F
        BIGSFR           000F80-000FFF               80
        CODE             000004-006315             6312
                         007000-007000                1
        COMRAM           000068-00007F               18
        CONST            000004-006315             6312
                         007000-007000                1
        EEDATA           F00000-F000FF              100
        MEDIUMCONST      000600-006315             5D16
                         007000-007000                1
        RAM              0000F1-0005FF              100
        SFR              000F80-000FFF               80
        SMALLCONST       000600-006315              100
                         007000-007000                1

                                  Symbol Table

?___lwdiv                      cstackCOMRAM 000001
?___lwmod                      cstackCOMRAM 000001
?_count_characters             cstackCOMRAM 000001
?_printf                       cstackCOMRAM 000022
?_vfprintf                     cstackCOMRAM 00001B
I2C_RECEBE@x                   cstackCOMRAM 000001
I2C_TRANSMITE@DADO_I2C         cstackCOMRAM 000001
_BAUDCONbits                   (abs)        000FB8
_I2C_ACK                       text19       006374
_I2C_INICIA                    text24       00631A
_I2C_NACK                      text18       006388
_I2C_RECEBE                    text17       006518
_I2C_RESTART                   text16       00632A
_I2C_START                     text15       00633C
_I2C_STOP                      text14       00634E
_I2C_TRANSMITE                 text13       0063EA
_LATB                          (abs)        000F8A
_LATD                          (abs)        000F8C
_RCSTAbits                     (abs)        000FAB
_SPBRG                         (abs)        000FAF
_SPBRGH                        (abs)        000FB0
_SSPADD                        (abs)        000FC8
_SSPBUF                        (abs)        000FC9
_SSPCON1                       (abs)        000FC6
_SSPCON2                       (abs)        000FC5
_SSPCON2bits                   (abs)        000FC5
_SSPSTAT                       (abs)        000FC7
_SSPSTATbits                   (abs)        000FC7
_TRISB                         (abs)        000F93
_TRISBbits                     (abs)        000F93
_TRISC                         (abs)        000F94
_TRISCbits                     (abs)        000F94
_TRISD                         (abs)        000F95
_TXREG                         (abs)        000FAD
_TXSTAbits                     (abs)        000FAC
__HRAM                         (abs)        000000
__H__absolute__                __absolute__ 000000
__Habs1                        abs1         000000
__Hbank0                       bank0        000000
__Hbank1                       bank1        000000
__Hbank2                       bank2        000000
__Hbank3                       bank3        000000
__Hbank4                       bank4        000000
__Hbank5                       bank5        000000
__Hbigbss                      bigbss       000000
__Hbigdata                     bigdata      000000
__Hbigram                      bigram       000000
__Hbigsfr                      bigsfr       000000
__Hbss                         bss          000000
__HbssCOMRAM                   bssCOMRAM    000000
__Hcinit                       cinit        000000
__Hclrtext                     clrtext      000000
__Hcomram                      comram       000000
__Hconfig                      config       30000E
__Hconst                       const        000000
__HcstackBANK0                 cstackBANK0  000000
__HcstackCOMRAM                cstackCOMRAM 000000
__Hdata                        data         000000
__HdataBANK0                   dataBANK0    000000
__Heeprom_data                 eeprom_data  000000
__Hfarbss                      farbss       000000
__Hfardata                     fardata      000000
__Hheap                        heap         000000
__Hibigdata                    ibigdata     000000
__Hidata                       idata        000000
__HidataBANK0                  idataBANK0   000000
__Hidloc                       idloc        200008
__Hifardata                    ifardata     000000
__Hinit                        init         000004
__Hintcode                     intcode      000000
__Hintcode_body                intcode_body 000000
__Hintcodelo                   intcodelo    000000
__Hintentry                    intentry     000000
__Hintret                      intret       000000
__Hintsave_regs                intsave_regs 000000
__Hirdata                      irdata       000000
__Hmediumconst                 mediumconst  007000
__HnvFARRAM                    nvFARRAM     000000
__Hnvbit                       nvbit        000000
__Hnvrram                      nvrram       000000
__Hparam                       rparam       000000
__Hpowerup                     powerup      000000
__Hram                         ram          000000
__Hramtop                      ramtop       000600
__Hrbit                        rbit         000000
__Hrbss                        rbss         000000
__Hrdata                       rdata        000000
__Hreset_vec                   reset_vec    000000
__Hrparam                      rparam       000000
__Hsfr                         sfr          000000
__Hsivt_hi                     sivt_hi      000000
__Hsivt_lo                     sivt_lo      000000
__Hsmallconst                  smallconst   000000
__Hspace_0                     (abs)        007000
__Hspace_1                     (abs)        0000F1
__Hspace_2                     (abs)        000000
__Hspace_4                     (abs)        60000E
__Hstack                       stack        000000
__Hstruct                      struct       000000
__Htemp                        temp         000000
__Htext                        text         000000
__Htext0                       text0        000000
__Htext1                       text1        000000
__Htext10                      text10       000000
__Htext11                      text11       000000
__Htext12                      text12       000000
__Htext13                      text13       000000
__Htext14                      text14       000000
__Htext15                      text15       000000
__Htext16                      text16       000000
__Htext17                      text17       000000
__Htext18                      text18       000000
__Htext19                      text19       000000
__Htext2                       text2        000000
__Htext20                      text20       000000
__Htext21                      text21       000000
__Htext22                      text22       000000
__Htext23                      text23       000000
__Htext24                      text24       000000
__Htext3                       text3        000000
__Htext4                       text4        000000
__Htext5                       text5        000000
__Htext6                       text6        000000
__Htext7                       text7        000000
__Htext8                       text8        000000
__Htext9                       text9        000000
__LRAM                         (abs)        000001
__L__absolute__                __absolute__ 000000
__Labs1                        abs1         000000
__Lbank0                       bank0        000000
__Lbank1                       bank1        000000
__Lbank2                       bank2        000000
__Lbank3                       bank3        000000
__Lbank4                       bank4        000000
__Lbank5                       bank5        000000
__Lbigbss                      bigbss       000000
__Lbigdata                     bigdata      000000
__Lbigram                      bigram       000000
__Lbigsfr                      bigsfr       000000
__Lbss                         bss          000000
__LbssCOMRAM                   bssCOMRAM    000000
__Lcinit                       cinit        000000
__Lclrtext                     clrtext      000000
__Lcomram                      comram       000000
__Lconfig                      config       000000
__Lconst                       const        000000
__LcstackBANK0                 cstackBANK0  000000
__LcstackCOMRAM                cstackCOMRAM 000000
__Ldata                        data         000000
__LdataBANK0                   dataBANK0    000000
__Leeprom_data                 eeprom_data  000000
__Lfarbss                      farbss       000000
__Lfardata                     fardata      000000
__Lheap                        heap         000000
__Libigdata                    ibigdata     000000
__Lidata                       idata        000000
__LidataBANK0                  idataBANK0   000000
__Lidloc                       idloc        000000
__Lifardata                    ifardata     000000
__Linit                        init         000000
__Lintcode                     intcode      000000
__Lintcode_body                intcode_body 000000
__Lintcodelo                   intcodelo    000000
__Lintentry                    intentry     000000
__Lintret                      intret       000000
__Lintsave_regs                intsave_regs 000000
__Lirdata                      irdata       000000
__Lmediumconst                 mediumconst  006E60
__LnvFARRAM                    nvFARRAM     000000
__Lnvbit                       nvbit        000000
__Lnvrram                      nvrram       000000
__Lparam                       rparam       000000
__Lpowerup                     powerup      000000
__Lram                         ram          000000
__Lramtop                      ramtop       000600
__Lrbit                        rbit         000000
__Lrbss                        rbss         000000
__Lrdata                       rdata        000000
__Lreset_vec                   reset_vec    000000
__Lrparam                      rparam       000000
__Lsfr                         sfr          000000
__Lsivt_hi                     sivt_hi      000000
__Lsivt_lo                     sivt_lo      000000
__Lsmallconst                  smallconst   000000
__Lspace_0                     (abs)        000000
__Lspace_1                     (abs)        000000
__Lspace_2                     (abs)        000000
__Lspace_4                     (abs)        000000
__Lstack                       stack        000000
__Lstruct                      struct       000000
__Ltemp                        temp         000000
__Ltext                        text         000000
__Ltext0                       text0        000000
__Ltext1                       text1        000000
__Ltext10                      text10       000000
__Ltext11                      text11       000000
__Ltext12                      text12       000000
__Ltext13                      text13       000000
__Ltext14                      text14       000000
__Ltext15                      text15       000000
__Ltext16                      text16       000000
__Ltext17                      text17       000000
__Ltext18                      text18       000000
__Ltext19                      text19       000000
__Ltext2                       text2        000000
__Ltext20                      text20       000000
__Ltext21                      text21       000000
__Ltext22                      text22       000000
__Ltext23                      text23       000000
__Ltext24                      text24       000000
__Ltext3                       text3        000000
__Ltext4                       text4        000000
__Ltext5                       text5        000000
__Ltext6                       text6        000000
__Ltext7                       text7        000000
__Ltext8                       text8        000000
__Ltext9                       text9        000000
__S0                           (abs)        007000
__S1                           (abs)        0000F1
__S4                           (abs)        000000
__S5                           (abs)        000000
___heap_hi                     (abs)        000000
___heap_lo                     (abs)        000000
___inthi_sp                    stack        000000
___inthi_stack_hi              stack        000000
___inthi_stack_lo              stack        000000
___intlo_sp                    stack        000000
___intlo_stack_hi              stack        000000
___intlo_stack_lo              stack        000000
___lwdiv                       text12       00667E
___lwdiv@counter               cstackCOMRAM 000007
___lwdiv@dividend              cstackCOMRAM 000001
___lwdiv@divisor               cstackCOMRAM 000003
___lwdiv@quotient              cstackCOMRAM 000005
___lwmod                       text11       00661A
___lwmod@counter               cstackCOMRAM 000005
___lwmod@dividend              cstackCOMRAM 000001
___lwmod@divisor               cstackCOMRAM 000003
___param_bank                  (abs)        000000
___rparam_used                 (abs)        000001
___sp                          stack        000000
___stack_hi                    stack        000000
___stack_lo                    stack        000000
__accesstop                    (abs)        000080
__activetblptr                 (abs)        000002
__end_of_I2C_ACK               text19       006388
__end_of_I2C_INICIA            text24       00632A
__end_of_I2C_NACK              text18       00639C
__end_of_I2C_RECEBE            text17       00656A
__end_of_I2C_RESTART           text16       00633C
__end_of_I2C_START             text15       00634E
__end_of_I2C_STOP              text14       006360
__end_of_I2C_TRANSMITE         text13       00640E
__end_of___lwdiv               text12       0066F2
__end_of___lwmod               text11       00667E
__end_of__initialization       cinit        00643A
__end_of_count_characters      text23       006518
__end_of_display_digit         text22       00661A
__end_of_fputc                 text9        00685E
__end_of_i2c_read              text5        00693C
__end_of_i2c_write             text2        006A1A
__end_of_init                  text21       006374
__end_of_initUART              text20       0063CC
__end_of_main                  text0        006B68
__end_of_printf                text6        0063EA
__end_of_putch                 text10       0063B2
__end_of_segment_map           mediumconst  006E7C
__end_of_serial_memory_read    text4        006484
__end_of_serial_memory_seek    text3        006794
__end_of_serial_memory_write   text1        0065BC
__end_of_vfpfcnvrt             text8        006E60
__end_of_vfprintf              text7        0064CA
__initialization               cinit        00640E
__mediumconst                  mediumconst  006E60
__pbssCOMRAM                   bssCOMRAM    00003D
__pcinit                       cinit        00640E
__pcstackBANK0                 cstackBANK0  000080
__pcstackCOMRAM                cstackCOMRAM 000001
__pdataBANK0                   dataBANK0    0000ED
__pidataBANK0                  idataBANK0   006316
__pmediumconst                 mediumconst  006E60
__ptext0                       text0        006A1A
__ptext1                       text1        00656A
__ptext10                      text10       00639C
__ptext11                      text11       00661A
__ptext12                      text12       00667E
__ptext13                      text13       0063EA
__ptext14                      text14       00634E
__ptext15                      text15       00633C
__ptext16                      text16       00632A
__ptext17                      text17       006518
__ptext18                      text18       006388
__ptext19                      text19       006374
__ptext2                       text2        00693C
__ptext20                      text20       0063B2
__ptext21                      text21       006360
__ptext22                      text22       0065BC
__ptext23                      text23       0064CA
__ptext24                      text24       00631A
__ptext3                       text3        0066F2
__ptext4                       text4        006444
__ptext5                       text5        00685E
__ptext6                       text6        0063CC
__ptext7                       text7        006484
__ptext8                       text8        006B68
__ptext9                       text9        006794
__ramtop                       ramtop       000600
__smallconst                   smallconst   000000
_count_characters              text23       0064CA
_current_pointer               bssCOMRAM    000065
_dbuf                          bssCOMRAM    00003D
_display_digit                 text22       0065BC
_flags                         bssCOMRAM    000067
_fputc                         text9        006794
_i2c_read                      text5        00685E
_i2c_write                     text2        00693C
_init                          text21       006360
_initUART                      text20       0063B2
_main                          text0        006A1A
_prec                          bssCOMRAM    000063
_printf                        text6        0063CC
_putch                         text10       00639C
_segment_map                   mediumconst  006E61
_serial_memory_read            text4        006444
_serial_memory_seek            text3        0066F2
_serial_memory_write           text1        00656A
_vfpfcnvrt                     text8        006B68
_vfprintf                      text7        006484
_width                         bssCOMRAM    000061
count_characters@count         cstackCOMRAM 000005
count_characters@i             cstackCOMRAM 000007
count_characters@message       cstackCOMRAM 000001
display_digit@digit            cstackCOMRAM 000004
display_digit@position         cstackCOMRAM 000001
end_of_initialization          cinit        00643A
fputc@c                        cstackCOMRAM 000002
fputc@fp                       cstackCOMRAM 000004
i2c_read@address               cstackCOMRAM 00002B
i2c_read@data                  cstackCOMRAM 00002D
i2c_read@i                     cstackCOMRAM 000032
i2c_read@length                cstackCOMRAM 00002E
i2c_write@address              cstackCOMRAM 00002B
i2c_write@data                 cstackCOMRAM 00002D
i2c_write@i                    cstackCOMRAM 000033
i2c_write@length               cstackCOMRAM 00002F
intlevel0                      text         000000
intlevel1                      text         000000
intlevel2                      text         000000
intlevel3                      text         000000
isa$std                        (abs)        000001
isa$xinst                      (abs)        000000
main@F2959                     dataBANK0    0000ED
main@digits                    cstackBANK0  0000E4
main@i                         cstackBANK0  0000EC
main@message                   cstackBANK0  0000E8
main@message_length            cstackBANK0  0000EA
main@read_buffer               cstackBANK0  000080
printf@ap                      cstackCOMRAM 00002A
printf@fmt                     cstackCOMRAM 000022
putch@byte                     cstackCOMRAM 000001
serial_memory_read@buffer      cstackCOMRAM 000034
serial_memory_read@num_bytes   cstackCOMRAM 000035
serial_memory_seek@new_pointer cstackCOMRAM 00002E
serial_memory_seek@offset      cstackCOMRAM 00002B
serial_memory_seek@origin      cstackCOMRAM 00002D
serial_memory_write@data       cstackCOMRAM 000035
serial_memory_write@num_bytes  cstackCOMRAM 000037
stackhi                        (abs)        000000
stacklo                        (abs)        000000
start                          init         000000
start_initialization           cinit        00640E
vfpfcnvrt@ap                   cstackCOMRAM 00000E
vfpfcnvrt@c                    cstackCOMRAM 00001A
vfpfcnvrt@convarg              cstackCOMRAM 000016
vfpfcnvrt@cp                   cstackCOMRAM 000014
vfpfcnvrt@cp_1137              cstackCOMRAM 000012
vfpfcnvrt@done                 cstackCOMRAM 000011
vfpfcnvrt@fmt                  cstackCOMRAM 00000D
vfpfcnvrt@fp                   cstackCOMRAM 00000B
vfprintf@ap                    cstackCOMRAM 00001F
vfprintf@cfmt                  cstackCOMRAM 000020
vfprintf@fmt                   cstackCOMRAM 00001D
vfprintf@fp                    cstackCOMRAM 00001B


MODULE INFORMATION

Module		Function		Class		Link	Load	Size
C:\Program Files\Microchip\xc8\v2.46\pic\sources\c99\common\printf.c
		_printf        		CODE           	63CC	0000	30

C:\Program Files\Microchip\xc8\v2.46\pic\sources\c99\common\printf.c estimated size: 30

C:\Program Files\Microchip\xc8\v2.46\pic\sources\c99\common\nf_fputc.c
		_fputc         		CODE           	6794	0000	202

C:\Program Files\Microchip\xc8\v2.46\pic\sources\c99\common\nf_fputc.c estimated size: 202

I2C_Master.c
		_I2C_TRANSMITE 		CODE           	63EA	0000	36
		_I2C_STOP      		CODE           	634E	0000	18
		_I2C_INICIA    		CODE           	631A	0000	16
		_I2C_ACK       		CODE           	6374	0000	20
		_I2C_NACK      		CODE           	6388	0000	20
		_I2C_START     		CODE           	633C	0000	18
		_I2C_RECEBE    		CODE           	6518	0000	82
		_I2C_RESTART   		CODE           	632A	0000	18

I2C_Master.c estimated size: 228

C:\Program Files\Microchip\xc8\v2.46\pic\sources\c99\common\lwdiv.c
		___lwdiv       		CODE           	667E	0000	116

C:\Program Files\Microchip\xc8\v2.46\pic\sources\c99\common\lwdiv.c estimated size: 116

C:\Program Files\Microchip\xc8\v2.46\pic\sources\c99\common\doprnt.c
		_vfpfcnvrt     		CODE           	6B68	0000	760
		_vfprintf      		CODE           	6484	0000	70

C:\Program Files\Microchip\xc8\v2.46\pic\sources\c99\common\doprnt.c estimated size: 830

shared
		_segment_map   		MEDIUMCONST    	6E61	0000	27
		__initialization		CODE           	640E	0000	44

shared estimated size: 71

C:\Program Files\Microchip\xc8\v2.46\pic\sources\c99\common\lwmod.c
		___lwmod       		CODE           	661A	0000	100

C:\Program Files\Microchip\xc8\v2.46\pic\sources\c99\common\lwmod.c estimated size: 100

main.c
		_init          		CODE           	6360	0000	20
		_serial_memory_seek		CODE           	66F2	0000	162
		_putch         		CODE           	639C	0000	22
		_main          		CODE           	6A1A	0000	334
		_display_digit 		CODE           	65BC	0000	94
		_initUART      		CODE           	63B2	0000	26
		_i2c_write     		CODE           	693C	0000	222
		_serial_memory_write		CODE           	656A	0000	82
		_i2c_read      		CODE           	685E	0000	222
		_serial_memory_read		CODE           	6444	0000	64
		_count_characters		CODE           	64CA	0000	78

main.c estimated size: 1326

