Microchip MPLAB XC8 Compiler V2.46

Linker command line:

-W-3 \
  --edf=C:\Program Files\Microchip\xc8\v2.46\pic\dat\20240104201356_en.msgs \
  -cn \
  -h+dist/default/debug\Biblioteca_de_Manipulacao_de_Memoria_Serial.X.debug.sym \
  --cmf=dist/default/debug\Biblioteca_de_Manipulacao_de_Memoria_Serial.X.debug.cmf \
  -z -Q18F4520 -oC:\Users\jorge\AppData\Local\Temp\xcBsjo.1\driver_tmp_3.o \
  --defsym=__MPLAB_BUILD=1 --fixupoverflow=error \
  -Mdist/default/debug/Biblioteca_de_Manipulacao_de_Memoria_Serial.X.debug.map \
  --md=C:\Users\jorge\AppData\Local\Temp\xcBsjo.1\driver_tmp_0.dat -E1 \
  -ver=XC8 Compiler --acfsm=1493 -ACODE=00h-07000h -ACONST=00h-07000h \
  -ASMALLCONST=0600h-06FFhx106,07000h-07000h -AMEDIUMCONST=0600h-07000h \
  -ACOMRAM=01h-07Fh -AABS1=00h-05FFh -ABIGRAM=01h-05FFh \
  -ARAM=080h-0FFh,0100h-01FFhx5 -ABANK0=080h-0FFh -ABANK1=0100h-01FFh \
  -ABANK2=0200h-02FFh -ABANK3=0300h-03FFh -ABANK4=0400h-04FFh \
  -ABANK5=0500h-05FFh -ASFR=0F80h-0FFFh -ABIGSFR=0F80h-0FFFh \
  -ACONFIG=0300000h-030000Dh -AIDLOC=0200000h-0200007h \
  -AEEDATA=0F00000h-0F000FFh -peeprom_data=EEDATA \
  -preset_vec=00h,intcode,sivt_hi,intcodelo,sivt_lo,powerup,init \
  -pramtop=0600h -psmallconst=SMALLCONST -pmediumconst=MEDIUMCONST \
  -pconst=CONST -AFARRAM=00h-00h \
  -prdata=COMRAM,nvrram=COMRAM,nvbit=COMRAM,rbss=COMRAM,rbit=COMRAM \
  -pfarbss=FARRAM,fardata=FARRAM,nvFARRAM=FARRAM \
  -pintsave_regs=BIGRAM,bigbss=BIGRAM,bigdata=BIGRAM -pbss=RAM \
  -pidata=CODE,irdata=CODE,ibigdata=CODE,ifardata=CODE -prparam=COMRAM \
  C:\Users\jorge\AppData\Local\Temp\xcBsjo.1\driver_tmp_14.o \
  dist/default/debug\Biblioteca_de_Manipulacao_de_Memoria_Serial.X.debug.o 

Object code version is 3.11

Machine type is 18F4520



                Name                               Link     Load   Length Selector   Space Scale
C:\Users\jorge\AppData\Local\Temp\xcBsjo.1\driver_tmp_14.o
                idloc                            200000   200000        8        0       5
                config                           300000   300000        E        0       4
                init                                  0        0        4        0       0
dist/default/debug\Biblioteca_de_Manipulacao_de_Memoria_Serial.X.debug.o
                idloc                            200000   200000        8        0       5
                config                           300000   300000        E        0       4
                mediumconst                        6E94     6E94      16C     374A       0
                text21                             6516     6516       10     328B       0
                text20                             65B0     65B0       1A     32D8       0
                text19                             655C     655C       14     32AE       0
                text18                             6570     6570       14     32B8       0
                text17                             6692     6692       52     3349       0
                text16                             6526     6526       12     3293       0
                text15                             6538     6538       12     329C       0
                text14                             654A     654A       12     32A5       0
                text13                             65E8     65E8       24     32F4       0
                text12                             679A     679A       74     33CD       0
                text11                             6736     6736       64     339B       0
                text10                             6584     6584       16     32C2       0
                text9                              6AD2     6AD2       CA     3569       0
                text8                              6B9C     6B9C      2F8     35CE       0
                text7                              664C     664C       46     3326       0
                text6                              65CA     65CA       1E     32E5       0
                text5                              6A10     6A10       C2     3508       0
                text4                              660C     660C       40     3306       0
                text3                              680E     680E       A2     3407       0
                text2                              695E     695E       B2     34AF       0
                text1                              66E4     66E4       52     3372       0
                text0                              68B0     68B0       AE     3458       0
                cstackCOMRAM                          1        1       48        1       1
                bssCOMRAM                            49       49       27        1       1
                cinit                              659A     659A       16     32CD       0

TOTAL           Name                               Link     Load   Length     Space
        CLASS   CODE           
                init                                  0        0        4         0
                text21                             6516     6516       10         0
                text20                             65B0     65B0       1A         0
                text19                             655C     655C       14         0
                text18                             6570     6570       14         0
                text17                             6692     6692       52         0
                text16                             6526     6526       12         0
                text15                             6538     6538       12         0
                text14                             654A     654A       12         0
                text13                             65E8     65E8       24         0
                text12                             679A     679A       74         0
                text11                             6736     6736       64         0
                text10                             6584     6584       16         0
                text9                              6AD2     6AD2       CA         0
                text8                              6B9C     6B9C      2F8         0
                text7                              664C     664C       46         0
                text6                              65CA     65CA       1E         0
                text5                              6A10     6A10       C2         0
                text4                              660C     660C       40         0
                text3                              680E     680E       A2         0
                text2                              695E     695E       B2         0
                text1                              66E4     66E4       52         0
                text0                              68B0     68B0       AE         0
                cinit                              659A     659A       16         0

        CLASS   CONST          

        CLASS   SMALLCONST     

        CLASS   MEDIUMCONST    
                mediumconst                        6E94     6E94      16C         0

        CLASS   COMRAM         
                cstackCOMRAM                          1        1       48         1
                bssCOMRAM                            49       49       27         1

        CLASS   ABS1           

        CLASS   BIGRAM         

        CLASS   RAM            

        CLASS   BANK0          

        CLASS   BANK1          

        CLASS   BANK2          

        CLASS   BANK3          

        CLASS   BANK4          

        CLASS   BANK5          

        CLASS   SFR            

        CLASS   BIGSFR         

        CLASS   CONFIG         
                config                           300000   300000        E         4

        CLASS   IDLOC          
                idloc                            200000   200000        8         5

        CLASS   EEDATA         

        CLASS   FARRAM         

        CLASS   HEAP           

        CLASS   STACK          



SEGMENTS        Name                           Load    Length   Top    Selector   Space  Class

                reset_vec                      000000  000004  000004         0       0  CODE    
                cstackCOMRAM                   000001  00006F  000070         1       1  COMRAM  
                text21                         006516  000010  006526      328B       0  CODE    
                text16                         006526  000012  006538      3293       0  CODE    
                text15                         006538  000012  00654A      329C       0  CODE    
                text14                         00654A  000012  00655C      32A5       0  CODE    
                text19                         00655C  000014  006570      32AE       0  CODE    
                text18                         006570  000014  006584      32B8       0  CODE    
                text10                         006584  000016  00659A      32C2       0  CODE    
                cinit                          00659A  000016  0065B0      32CD       0  CODE    
                text20                         0065B0  00001A  0065CA      32D8       0  CODE    
                text6                          0065CA  00001E  0065E8      32E5       0  CODE    
                text13                         0065E8  000024  00660C      32F4       0  CODE    
                text4                          00660C  000040  00664C      3306       0  CODE    
                text7                          00664C  000046  006692      3326       0  CODE    
                text17                         006692  000052  0066E4      3349       0  CODE    
                text1                          0066E4  000052  006736      3372       0  CODE    
                text11                         006736  000064  00679A      339B       0  CODE    
                text12                         00679A  000074  00680E      33CD       0  CODE    
                text3                          00680E  0000A2  0068B0      3407       0  CODE    
                text0                          0068B0  0000AE  00695E      3458       0  CODE    
                text2                          00695E  0000B2  006A10      34AF       0  CODE    
                text5                          006A10  0000C2  006AD2      3508       0  CODE    
                text9                          006AD2  0000CA  006B9C      3569       0  CODE    
                text8                          006B9C  0002F8  006E94      35CE       0  CODE    
                mediumconst                    006E94  00016C  007000      374A       0  MEDIUMCO


UNUSED ADDRESS RANGES

        Name                Unused          Largest block    Delta
        BANK0            000080-0000FF               80
        BANK1            000100-0001FF              100
        BANK2            000200-0002FF              100
        BANK3            000300-0003FF              100
        BANK4            000400-0004FF              100
        BANK5            000500-0005FF              100
        BIGRAM           000070-0005FF              590
        BIGSFR           000F80-000FFF               80
        CODE             000004-006515             6512
                         007000-007000                1
        COMRAM           000070-00007F               10
        CONST            000004-006515             6512
                         007000-007000                1
        EEDATA           F00000-F000FF              100
        MEDIUMCONST      000600-006515             5F16
                         007000-007000                1
        RAM              000080-0005FF              100
        SFR              000F80-000FFF               80
        SMALLCONST       000600-006515              100
                         007000-007000                1

                                  Symbol Table

?___lwdiv                      cstackCOMRAM 000001
?___lwmod                      cstackCOMRAM 000001
?_printf                       cstackCOMRAM 000022
?_vfprintf                     cstackCOMRAM 00001B
I2C_RECEBE@x                   cstackCOMRAM 000001
I2C_TRANSMITE@DADO_I2C         cstackCOMRAM 000001
_BAUDCONbits                   (abs)        000FB8
_I2C_ACK                       text19       00655C
_I2C_INICIA                    text21       006516
_I2C_NACK                      text18       006570
_I2C_RECEBE                    text17       006692
_I2C_RESTART                   text16       006526
_I2C_START                     text15       006538
_I2C_STOP                      text14       00654A
_I2C_TRANSMITE                 text13       0065E8
_RCSTAbits                     (abs)        000FAB
_SPBRG                         (abs)        000FAF
_SPBRGH                        (abs)        000FB0
_SSPADD                        (abs)        000FC8
_SSPBUF                        (abs)        000FC9
_SSPCON1                       (abs)        000FC6
_SSPCON2                       (abs)        000FC5
_SSPCON2bits                   (abs)        000FC5
_SSPSTAT                       (abs)        000FC7
_SSPSTATbits                   (abs)        000FC7
_TRISC                         (abs)        000F94
_TRISCbits                     (abs)        000F94
_TXREG                         (abs)        000FAD
_TXSTAbits                     (abs)        000FAC
__HRAM                         (abs)        000000
__H__absolute__                __absolute__ 000000
__Habs1                        abs1         000000
__Hbank0                       bank0        000000
__Hbank1                       bank1        000000
__Hbank2                       bank2        000000
__Hbank3                       bank3        000000
__Hbank4                       bank4        000000
__Hbank5                       bank5        000000
__Hbigbss                      bigbss       000000
__Hbigdata                     bigdata      000000
__Hbigram                      bigram       000000
__Hbigsfr                      bigsfr       000000
__Hbss                         bss          000000
__HbssCOMRAM                   bssCOMRAM    000000
__Hcinit                       cinit        000000
__Hclrtext                     clrtext      000000
__Hcomram                      comram       000000
__Hconfig                      config       30000E
__Hconst                       const        000000
__HcstackCOMRAM                cstackCOMRAM 000000
__Hdata                        data         000000
__Heeprom_data                 eeprom_data  000000
__Hfarbss                      farbss       000000
__Hfardata                     fardata      000000
__Hheap                        heap         000000
__Hibigdata                    ibigdata     000000
__Hidata                       idata        000000
__Hidloc                       idloc        200008
__Hifardata                    ifardata     000000
__Hinit                        init         000004
__Hintcode                     intcode      000000
__Hintcode_body                intcode_body 000000
__Hintcodelo                   intcodelo    000000
__Hintentry                    intentry     000000
__Hintret                      intret       000000
__Hintsave_regs                intsave_regs 000000
__Hirdata                      irdata       000000
__Hmediumconst                 mediumconst  007000
__HnvFARRAM                    nvFARRAM     000000
__Hnvbit                       nvbit        000000
__Hnvrram                      nvrram       000000
__Hparam                       rparam       000000
__Hpowerup                     powerup      000000
__Hram                         ram          000000
__Hramtop                      ramtop       000600
__Hrbit                        rbit         000000
__Hrbss                        rbss         000000
__Hrdata                       rdata        000000
__Hreset_vec                   reset_vec    000000
__Hrparam                      rparam       000000
__Hsfr                         sfr          000000
__Hsivt_hi                     sivt_hi      000000
__Hsivt_lo                     sivt_lo      000000
__Hsmallconst                  smallconst   000000
__Hspace_0                     (abs)        007000
__Hspace_1                     (abs)        000070
__Hspace_2                     (abs)        000000
__Hspace_4                     (abs)        60000E
__Hstack                       stack        000000
__Hstruct                      struct       000000
__Htemp                        temp         000000
__Htext                        text         000000
__Htext0                       text0        000000
__Htext1                       text1        000000
__Htext10                      text10       000000
__Htext11                      text11       000000
__Htext12                      text12       000000
__Htext13                      text13       000000
__Htext14                      text14       000000
__Htext15                      text15       000000
__Htext16                      text16       000000
__Htext17                      text17       000000
__Htext18                      text18       000000
__Htext19                      text19       000000
__Htext2                       text2        000000
__Htext20                      text20       000000
__Htext21                      text21       000000
__Htext3                       text3        000000
__Htext4                       text4        000000
__Htext5                       text5        000000
__Htext6                       text6        000000
__Htext7                       text7        000000
__Htext8                       text8        000000
__Htext9                       text9        000000
__LRAM                         (abs)        000001
__L__absolute__                __absolute__ 000000
__Labs1                        abs1         000000
__Lbank0                       bank0        000000
__Lbank1                       bank1        000000
__Lbank2                       bank2        000000
__Lbank3                       bank3        000000
__Lbank4                       bank4        000000
__Lbank5                       bank5        000000
__Lbigbss                      bigbss       000000
__Lbigdata                     bigdata      000000
__Lbigram                      bigram       000000
__Lbigsfr                      bigsfr       000000
__Lbss                         bss          000000
__LbssCOMRAM                   bssCOMRAM    000000
__Lcinit                       cinit        000000
__Lclrtext                     clrtext      000000
__Lcomram                      comram       000000
__Lconfig                      config       000000
__Lconst                       const        000000
__LcstackCOMRAM                cstackCOMRAM 000000
__Ldata                        data         000000
__Leeprom_data                 eeprom_data  000000
__Lfarbss                      farbss       000000
__Lfardata                     fardata      000000
__Lheap                        heap         000000
__Libigdata                    ibigdata     000000
__Lidata                       idata        000000
__Lidloc                       idloc        000000
__Lifardata                    ifardata     000000
__Linit                        init         000000
__Lintcode                     intcode      000000
__Lintcode_body                intcode_body 000000
__Lintcodelo                   intcodelo    000000
__Lintentry                    intentry     000000
__Lintret                      intret       000000
__Lintsave_regs                intsave_regs 000000
__Lirdata                      irdata       000000
__Lmediumconst                 mediumconst  006E94
__LnvFARRAM                    nvFARRAM     000000
__Lnvbit                       nvbit        000000
__Lnvrram                      nvrram       000000
__Lparam                       rparam       000000
__Lpowerup                     powerup      000000
__Lram                         ram          000000
__Lramtop                      ramtop       000600
__Lrbit                        rbit         000000
__Lrbss                        rbss         000000
__Lrdata                       rdata        000000
__Lreset_vec                   reset_vec    000000
__Lrparam                      rparam       000000
__Lsfr                         sfr          000000
__Lsivt_hi                     sivt_hi      000000
__Lsivt_lo                     sivt_lo      000000
__Lsmallconst                  smallconst   000000
__Lspace_0                     (abs)        000000
__Lspace_1                     (abs)        000000
__Lspace_2                     (abs)        000000
__Lspace_4                     (abs)        000000
__Lstack                       stack        000000
__Lstruct                      struct       000000
__Ltemp                        temp         000000
__Ltext                        text         000000
__Ltext0                       text0        000000
__Ltext1                       text1        000000
__Ltext10                      text10       000000
__Ltext11                      text11       000000
__Ltext12                      text12       000000
__Ltext13                      text13       000000
__Ltext14                      text14       000000
__Ltext15                      text15       000000
__Ltext16                      text16       000000
__Ltext17                      text17       000000
__Ltext18                      text18       000000
__Ltext19                      text19       000000
__Ltext2                       text2        000000
__Ltext20                      text20       000000
__Ltext21                      text21       000000
__Ltext3                       text3        000000
__Ltext4                       text4        000000
__Ltext5                       text5        000000
__Ltext6                       text6        000000
__Ltext7                       text7        000000
__Ltext8                       text8        000000
__Ltext9                       text9        000000
__S0                           (abs)        007000
__S1                           (abs)        000070
__S4                           (abs)        000000
__S5                           (abs)        000000
___heap_hi                     (abs)        000000
___heap_lo                     (abs)        000000
___inthi_sp                    stack        000000
___inthi_stack_hi              stack        000000
___inthi_stack_lo              stack        000000
___intlo_sp                    stack        000000
___intlo_stack_hi              stack        000000
___intlo_stack_lo              stack        000000
___lwdiv                       text12       00679A
___lwdiv@counter               cstackCOMRAM 000007
___lwdiv@dividend              cstackCOMRAM 000001
___lwdiv@divisor               cstackCOMRAM 000003
___lwdiv@quotient              cstackCOMRAM 000005
___lwmod                       text11       006736
___lwmod@counter               cstackCOMRAM 000005
___lwmod@dividend              cstackCOMRAM 000001
___lwmod@divisor               cstackCOMRAM 000003
___param_bank                  (abs)        000000
___rparam_used                 (abs)        000001
___sp                          stack        000000
___stack_hi                    stack        000000
___stack_lo                    stack        000000
__accesstop                    (abs)        000080
__activetblptr                 (abs)        000002
__end_of_I2C_ACK               text19       006570
__end_of_I2C_INICIA            text21       006526
__end_of_I2C_NACK              text18       006584
__end_of_I2C_RECEBE            text17       0066E4
__end_of_I2C_RESTART           text16       006538
__end_of_I2C_START             text15       00654A
__end_of_I2C_STOP              text14       00655C
__end_of_I2C_TRANSMITE         text13       00660C
__end_of___lwdiv               text12       00680E
__end_of___lwmod               text11       00679A
__end_of__initialization       cinit        0065A6
__end_of_fputc                 text9        006B9C
__end_of_i2c_read              text5        006AD2
__end_of_i2c_write             text2        006A10
__end_of_initUART              text20       0065CA
__end_of_main                  text0        00695E
__end_of_printf                text6        0065E8
__end_of_putch                 text10       00659A
__end_of_serial_memory_read    text4        00664C
__end_of_serial_memory_seek    text3        0068B0
__end_of_serial_memory_write   text1        006736
__end_of_vfpfcnvrt             text8        006E94
__end_of_vfprintf              text7        006692
__initialization               cinit        00659A
__mediumconst                  mediumconst  006E94
__pbssCOMRAM                   bssCOMRAM    000049
__pcinit                       cinit        00659A
__pcstackCOMRAM                cstackCOMRAM 000001
__pmediumconst                 mediumconst  006E94
__ptext0                       text0        0068B0
__ptext1                       text1        0066E4
__ptext10                      text10       006584
__ptext11                      text11       006736
__ptext12                      text12       00679A
__ptext13                      text13       0065E8
__ptext14                      text14       00654A
__ptext15                      text15       006538
__ptext16                      text16       006526
__ptext17                      text17       006692
__ptext18                      text18       006570
__ptext19                      text19       00655C
__ptext2                       text2        00695E
__ptext20                      text20       0065B0
__ptext21                      text21       006516
__ptext3                       text3        00680E
__ptext4                       text4        00660C
__ptext5                       text5        006A10
__ptext6                       text6        0065CA
__ptext7                       text7        00664C
__ptext8                       text8        006B9C
__ptext9                       text9        006AD2
__ramtop                       ramtop       000600
__smallconst                   smallconst   000000
_current_pointer               bssCOMRAM    00006D
_dbuf                          bssCOMRAM    000049
_flags                         bssCOMRAM    00006F
_fputc                         text9        006AD2
_i2c_read                      text5        006A10
_i2c_write                     text2        00695E
_initUART                      text20       0065B0
_main                          text0        0068B0
_prec                          bssCOMRAM    00006B
_printf                        text6        0065CA
_putch                         text10       006584
_serial_memory_read            text4        00660C
_serial_memory_seek            text3        00680E
_serial_memory_write           text1        0066E4
_vfpfcnvrt                     text8        006B9C
_vfprintf                      text7        00664C
_width                         bssCOMRAM    000069
end_of_initialization          cinit        0065A6
fputc@c                        cstackCOMRAM 000002
fputc@fp                       cstackCOMRAM 000004
i2c_read@address               cstackCOMRAM 00002B
i2c_read@data                  cstackCOMRAM 00002D
i2c_read@i                     cstackCOMRAM 000032
i2c_read@length                cstackCOMRAM 00002E
i2c_write@address              cstackCOMRAM 00002B
i2c_write@data                 cstackCOMRAM 00002D
i2c_write@i                    cstackCOMRAM 000033
i2c_write@length               cstackCOMRAM 00002F
intlevel0                      text         000000
intlevel1                      text         000000
intlevel2                      text         000000
intlevel3                      text         000000
isa$std                        (abs)        000001
isa$xinst                      (abs)        000000
main@message                   cstackCOMRAM 000047
main@read_buffer               cstackCOMRAM 00003B
printf@ap                      cstackCOMRAM 00002A
printf@fmt                     cstackCOMRAM 000022
putch@byte                     cstackCOMRAM 000001
serial_memory_read@buffer      cstackCOMRAM 000034
serial_memory_read@num_bytes   cstackCOMRAM 000035
serial_memory_seek@new_pointer cstackCOMRAM 00002E
serial_memory_seek@offset      cstackCOMRAM 00002B
serial_memory_seek@origin      cstackCOMRAM 00002D
serial_memory_write@data       cstackCOMRAM 000035
serial_memory_write@num_bytes  cstackCOMRAM 000037
stackhi                        (abs)        000000
stacklo                        (abs)        000000
start                          init         000000
start_initialization           cinit        00659A
vfpfcnvrt@ap                   cstackCOMRAM 00000E
vfpfcnvrt@c                    cstackCOMRAM 00001A
vfpfcnvrt@convarg              cstackCOMRAM 000016
vfpfcnvrt@cp                   cstackCOMRAM 000014
vfpfcnvrt@cp_1064              cstackCOMRAM 000012
vfpfcnvrt@done                 cstackCOMRAM 000011
vfpfcnvrt@fmt                  cstackCOMRAM 00000D
vfpfcnvrt@fp                   cstackCOMRAM 00000B
vfprintf@ap                    cstackCOMRAM 00001F
vfprintf@cfmt                  cstackCOMRAM 000020
vfprintf@fmt                   cstackCOMRAM 00001D
vfprintf@fp                    cstackCOMRAM 00001B


MODULE INFORMATION

Module		Function		Class		Link	Load	Size
C:\Program Files\Microchip\xc8\v2.46\pic\sources\c99\common\printf.c
		_printf        		CODE           	65CA	0000	30

C:\Program Files\Microchip\xc8\v2.46\pic\sources\c99\common\printf.c estimated size: 30

C:\Program Files\Microchip\xc8\v2.46\pic\sources\c99\common\nf_fputc.c
		_fputc         		CODE           	6AD2	0000	202

C:\Program Files\Microchip\xc8\v2.46\pic\sources\c99\common\nf_fputc.c estimated size: 202

I2C_Master.c
		_I2C_TRANSMITE 		CODE           	65E8	0000	36
		_I2C_STOP      		CODE           	654A	0000	18
		_I2C_INICIA    		CODE           	6516	0000	16
		_I2C_ACK       		CODE           	655C	0000	20
		_I2C_NACK      		CODE           	6570	0000	20
		_I2C_START     		CODE           	6538	0000	18
		_I2C_RECEBE    		CODE           	6692	0000	82
		_I2C_RESTART   		CODE           	6526	0000	18

I2C_Master.c estimated size: 228

C:\Program Files\Microchip\xc8\v2.46\pic\sources\c99\common\lwdiv.c
		___lwdiv       		CODE           	679A	0000	116

C:\Program Files\Microchip\xc8\v2.46\pic\sources\c99\common\lwdiv.c estimated size: 116

C:\Program Files\Microchip\xc8\v2.46\pic\sources\c99\common\doprnt.c
		_vfpfcnvrt     		CODE           	6B9C	0000	760
		_vfprintf      		CODE           	664C	0000	70

C:\Program Files\Microchip\xc8\v2.46\pic\sources\c99\common\doprnt.c estimated size: 830

shared
		__initialization		CODE           	659A	0000	12

shared estimated size: 12

C:\Program Files\Microchip\xc8\v2.46\pic\sources\c99\common\lwmod.c
		___lwmod       		CODE           	6736	0000	100

C:\Program Files\Microchip\xc8\v2.46\pic\sources\c99\common\lwmod.c estimated size: 100

main.c
		_serial_memory_seek		CODE           	680E	0000	162
		_putch         		CODE           	6584	0000	22
		_main          		CODE           	68B0	0000	174
		_initUART      		CODE           	65B0	0000	26
		_i2c_write     		CODE           	695E	0000	178
		_serial_memory_write		CODE           	66E4	0000	82
		_i2c_read      		CODE           	6A10	0000	194
		_serial_memory_read		CODE           	660C	0000	64

main.c estimated size: 902

